// Jest Snapshot v1, https://goo.gl/fbAQLP

exports[`<Carousel /> should render correctly 1`] = `
<Carousel
  autoplay={false}
  controls={false}
  slideTransitionTime={3000}
>
  <section
    className="carousel-wrapper"
  >
    <Component>
      <div
        className="carousel-section"
        onMouseEnter={null}
        onMouseLeave={[Function]}
      >
        <Slide
          id={0}
          key=".0"
        >
          <div
            className="slide active"
          >
            TEst 1 
          </div>
        </Slide>
        <Slide
          id={1}
          key=".1"
        >
          <div
            className="slide"
          >
            TEst 3 
          </div>
        </Slide>
        <Slide
          id={2}
          key=".2"
        >
          <div
            className="slide"
          >
            TEst 4 
          </div>
        </Slide>
        <Slide
          id={3}
          key=".3"
        >
          <div
            className="slide"
          >
            TEst 2 
          </div>
        </Slide>
      </div>
    </Component>
  </section>
</Carousel>
`;
